src/bRON.sol:bRON:_initialized (storage_slot: 0) (offset: 0) (type: uint8) (numberOfBytes: 1)
src/bRON.sol:bRON:_initializing (storage_slot: 0) (offset: 1) (type: bool) (numberOfBytes: 1)
src/bRON.sol:bRON:_owner (storage_slot: 0) (offset: 2) (type: address) (numberOfBytes: 20)
src/bRON.sol:bRON:_pendingOwner (storage_slot: 1) (offset: 0) (type: address) (numberOfBytes: 20)
src/bRON.sol:bRON:_paused (storage_slot: 1) (offset: 20) (type: bool) (numberOfBytes: 1)
src/bRON.sol:bRON:_status (storage_slot: 2) (offset: 0) (type: uint256) (numberOfBytes: 32)
src/bRON.sol:bRON:_balances (storage_slot: 3) (offset: 0) (type: mapping(address => uint256)) (numberOfBytes: 32)
src/bRON.sol:bRON:_allowances (storage_slot: 4) (offset: 0) (type: mapping(address => mapping(address => uint256))) (numberOfBytes: 32)
src/bRON.sol:bRON:_totalSupply (storage_slot: 5) (offset: 0) (type: uint256) (numberOfBytes: 32)
src/bRON.sol:bRON:_name (storage_slot: 6) (offset: 0) (type: string) (numberOfBytes: 32)
src/bRON.sol:bRON:_symbol (storage_slot: 7) (offset: 0) (type: string) (numberOfBytes: 32)
src/bRON.sol:bRON:_contractName (storage_slot: 8) (offset: 0) (type: string) (numberOfBytes: 32)
src/bRON.sol:bRON:_contractSymbol (storage_slot: 9) (offset: 0) (type: string) (numberOfBytes: 32)
src/bRON.sol:bRON:_decimals (storage_slot: 10) (offset: 0) (type: uint8) (numberOfBytes: 1)
src/bRON.sol:bRON:isValidatorInitialized (storage_slot: 10) (offset: 1) (type: bool) (numberOfBytes: 1)
src/bRON.sol:bRON:transferValidator (storage_slot: 10) (offset: 2) (type: address) (numberOfBytes: 20)
src/bRON.sol:bRON:autoApproveTransfersFromValidator (storage_slot: 10) (offset: 22) (type: bool) (numberOfBytes: 1)
src/bRON.sol:bRON:__gap (storage_slot: 11) (offset: 0) (type: uint256[50]) (numberOfBytes: 1600)
src/bRON.sol:bRON:_bRONTaxAuthority (storage_slot: 61) (offset: 0) (type: address) (numberOfBytes: 20)
src/bRON.sol:bRON:_whitelistedSpenders (storage_slot: 62) (offset: 0) (type: mapping(address => bool)) (numberOfBytes: 32)
src/bRON.sol:bRON:_taxTreasury (storage_slot: 63) (offset: 0) (type: address) (numberOfBytes: 20)